Backfill de órdenes de compra: barriendo 730 días hacia atrás, sin avisos...

📤 Documento subido a R2: https://pub-722f3e1c29d74bcb8ee49776fe8a2c0d.r2.dev/4152-108-LE24/1786389011838_OC_4152-987-SE24.pdf
📤 Documento subido a R2: https://pub-722f3e1c29d74bcb8ee49776fe8a2c0d.r2.dev/316-101-LE24/1786389014092_OC_316-605-SE24.pdf
📤 Documento subido a R2: https://pub-722f3e1c29d74bcb8ee49776fe8a2c0d.r2.dev/2656-21-R124/1786389016223_OC_2656-717-SE24.pdf
📤 Documento subido a R2: https://pub-722f3e1c29d74bcb8ee49776fe8a2c0d.r2.dev/2709-21-LE24/1786389019010_OC_2709-68-SE24.pdf
📤 Documento subido a R2: https://pub-722f3e1c29d74bcb8ee49776fe8a2c0d.r2.dev/3559-18-LE24/1786389021062_OC_3559-50-SE24.pdf
📤 Documento subido a R2: https://pub-722f3e1c29d74bcb8ee49776fe8a2c0d.r2.dev/2427-133-LE24/1786389022951_OC_2427-1089-SE24.pdf
📤 Documento subido a R2: https://pub-722f3e1c29d74bcb8ee49776fe8a2c0d.r2.dev/3512-71-L124/1786389025032_OC_3512-947-SE24.pdf
📤 Documento subido a R2: https://pub-722f3e1c29d74bcb8ee49776fe8a2c0d.r2.dev/1079445-45-LE24/1786389027057_OC_1079445-259-SE24.pdf
📤 Documento subido a R2: https://pub-722f3e1c29d74bcb8ee49776fe8a2c0d.r2.dev/3231-123-LE24/1786389029244_OC_3231-335-SE24.pdf
📤 Documento subido a R2: https://pub-722f3e1c29d74bcb8ee49776fe8a2c0d.r2.dev/2817-95-LE24/1786389031123_OC_2817-700-SE24.pdf
{
  "diasBarridos": 730,
  "candidatas": 331,
  "nuevas": 189,
  "cambiosEstado": 2,
  "deTerceros": 2,
  "eventos": 0,
  "correos": 0,
  "codigosProveedorDescubiertos": 0
}

Listo en 8129s. Nuevas: 189 · cambios de estado: 2 · de terceros (no nuestras): 2
